2026-06-13 07:04:36,011 - INFO - Utility: Environment setup complete. Output and log directories are ready.
2026-06-13 07:04:36,012 - INFO - --- Luxury Watch Price Analysis System Started ---
2026-06-13 07:04:36,012 - INFO - [Phase 1] Loading dataset from data/Luxury watch.csv
2026-06-13 07:04:36,015 - INFO - [Phase 2] Executing Data Cleaning...
2026-06-13 07:04:36,016 - INFO - Starting data cleaning process...
2026-06-13 07:04:36,023 - INFO - Cleaning complete. Remaining records: 381
2026-06-13 07:04:36,023 - INFO - [Phase 3] Executing Feature Engineering...
2026-06-13 07:04:36,023 - INFO - Starting feature engineering (label encoding)...
2026-06-13 07:04:36,030 - INFO - Encoding complete. Processed columns: ['Brand', 'Model', 'Case Material', 'Strap Material', 'Movement Type', 'Water Resistance', 'Dial Color', 'Crystal Material', 'Complications', 'Power Reserve']
2026-06-13 07:04:36,031 - INFO - [Phase 4] Generating Exploratory Data Analysis (EDA) Visualizations...
2026-06-13 07:04:36,788 - INFO - Visualization saved successfully to: outputs/plots/correlation.png
2026-06-13 07:04:37,027 - INFO - Visualization saved successfully to: outputs/plots/price_histogram.png
2026-06-13 07:04:37,557 - INFO - Visualization saved successfully to: outputs/plots/average_price_by_brand.png
2026-06-13 07:04:37,864 - INFO - Visualization saved successfully to: outputs/plots/case_diameter_vs_price.png
2026-06-13 07:04:38,038 - INFO - Visualization saved successfully to: outputs/plots/price_by_movement_type.png
2026-06-13 07:04:38,284 - INFO - Visualization saved successfully to: outputs/plots/case_material_counts.png
2026-06-13 07:04:38,284 - INFO - [Phase 5] Initializing Model Training...
2026-06-13 07:04:38,284 - INFO - Splitting data into 80% train and 20% test sets...
2026-06-13 07:04:38,287 - INFO - Training Random Forest Regressor...
2026-06-13 07:04:38,456 - INFO - Model training completed successfully.
2026-06-13 07:04:38,456 - INFO - Generating visualization: Feature Importance...
2026-06-13 07:04:38,767 - INFO - Visualization saved successfully to: outputs/plots/feature_importance.png
2026-06-13 07:04:38,767 - INFO - [Phase 6] Starting Model Evaluation...
2026-06-13 07:04:38,767 - INFO - Evaluating model performance on test data...
2026-06-13 07:04:38,780 - INFO - 
=======================================
2026-06-13 07:04:38,780 - INFO -         MODEL EVALUATION RESULTS       
2026-06-13 07:04:38,780 - INFO - =======================================
2026-06-13 07:04:38,781 - INFO - Mean Squared Error (MSE): 23693273.05
2026-06-13 07:04:38,781 - INFO - R-squared (R2 Score):     0.7825
2026-06-13 07:04:38,781 - INFO - =======================================

2026-06-13 07:04:38,781 - INFO - Generating visualization: Actual vs Predicted Prices...
2026-06-13 07:04:38,952 - INFO - Visualization saved successfully to: outputs/plots/actual_vs_predicted.png
2026-06-13 07:04:38,952 - INFO - --- Pipeline Execution Completed Successfully ---
